[INFO] Scanning for projects...
[INFO] 
[INFO] -------------------< com.kce.project:gateway-server >-------------------
[INFO] Building gateway-server 0.0.1-SNAPSHOT
[INFO]   from pom.xml
[INFO] --------------------------------[ jar ]---------------------------------
[INFO] 
[INFO] >>> spring-boot:3.3.0:run (default-cli) > test-compile @ gateway-server >>>
[INFO] 
[INFO] --- resources:3.3.1:resources (default-resources) @ gateway-server ---
[INFO] Copying 1 resource from src\main\resources to target\classes
[INFO] Copying 0 resource from src\main\resources to target\classes
[INFO] 
[INFO] --- compiler:3.13.0:compile (default-compile) @ gateway-server ---
[INFO] Nothing to compile - all classes are up to date.
[INFO] 
[INFO] --- resources:3.3.1:testResources (default-testResources) @ gateway-server ---
[INFO] skip non existing resourceDirectory C:\Users\saisa\Documents\workspace-spring-tools-for-eclipse-5.2.0.RELEASE\DisasterIQ_Microservices\gateway-server\src\test\resources
[INFO] 
[INFO] --- compiler:3.13.0:testCompile (default-testCompile) @ gateway-server ---
[INFO] No sources to compile
[INFO] 
[INFO] <<< spring-boot:3.3.0:run (default-cli) < test-compile @ gateway-server <<<
[INFO] 
[INFO] 
[INFO] --- spring-boot:3.3.0:run (default-cli) @ gateway-server ---
[INFO] Attaching agents: []
  .   ____          _            __ _ _
 /\\ / ___'_ __ _ _(_)_ __  __ _ \ \ \ \
( ( )\___ | '_ | '_| | '_ \/ _` | \ \ \ \
 \\/  ___)| |_)| | | | | || (_| |  ) ) ) )
  '  |____| .__|_| |_|_| |_\__, | / / / /
 =========|_|==============|___/=/_/_/_/

 :: Spring Boot ::                (v3.3.0)

2026-08-13T11:59:34.705+05:30  INFO 22648 --- [gateway-server] [           main] c.k.p.gateway.GatewayServerApplication   : Starting GatewayServerApplication using Java 21.0.10 with PID 22648 (C:\Users\saisa\Documents\workspace-spring-tools-for-eclipse-5.2.0.RELEASE\DisasterIQ_Microservices\gateway-server\target\classes started by saisa in C:\Users\saisa\Documents\workspace-spring-tools-for-eclipse-5.2.0.RELEASE\DisasterIQ_Microservices\gateway-server)
2026-08-13T11:59:34.716+05:30  INFO 22648 --- [gateway-server] [           main] c.k.p.gateway.GatewayServerApplication   : No active profile set, falling back to 1 default profile: "default"
2026-08-13T11:59:38.343+05:30  INFO 22648 --- [gateway-server] [           main] o.s.cloud.context.scope.GenericScope     : BeanFactory id=8aa07b78-b50c-3b7b-a7e6-4600b7d3c88e
2026-08-13T11:59:38.652+05:30  WARN 22648 --- [gateway-server] [           main] trationDelegate$BeanPostProcessorChecker : Bean 'org.springframework.cloud.client.loadbalancer.LoadBalancerAutoConfiguration$DeferringLoadBalancerInterceptorConfig' of type [org.springframework.cloud.client.loadbalancer.LoadBalancerAutoConfiguration$DeferringLoadBalancerInterceptorConfig] is not eligible for getting processed by all BeanPostProcessors (for example: not eligible for auto-proxying). The currently created BeanPostProcessor [lbRestClientPostProcessor] is declared through a non-static factory method on that class; consider declaring it as static instead.
2026-08-13T11:59:38.661+05:30  WARN 22648 --- [gateway-server] [           main] trationDelegate$BeanPostProcessorChecker : Bean 'deferringLoadBalancerInterceptor' of type [org.springframework.cloud.client.loadbalancer.DeferringLoadBalancerInterceptor] is not eligible for getting processed by all BeanPostProcessors (for example: not eligible for auto-proxying). Is this bean getting eagerly injected into a currently created BeanPostProcessor [lbRestClientPostProcessor]? Check the corresponding BeanPostProcessor declaration and its dependencies.
2026-08-13T11:59:38.669+05:30  WARN 22648 --- [gateway-server] [           main] trationDelegate$BeanPostProcessorChecker : Bean 'org.springframework.cloud.client.loadbalancer.reactive.LoadBalancerBeanPostProcessorAutoConfiguration' of type [org.springframework.cloud.client.loadbalancer.reactive.LoadBalancerBeanPostProcessorAutoConfiguration] is not eligible for getting processed by all BeanPostProcessors (for example: not eligible for auto-proxying). The currently created BeanPostProcessor [loadBalancerWebClientBuilderBeanPostProcessor] is declared through a non-static factory method on that class; consider declaring it as static instead.
2026-08-13T11:59:38.672+05:30  WARN 22648 --- [gateway-server] [           main] trationDelegate$BeanPostProcessorChecker : Bean 'org.springframework.cloud.client.loadbalancer.reactive.LoadBalancerBeanPostProcessorAutoConfiguration$ReactorDeferringLoadBalancerFilterConfig' of type [org.springframework.cloud.client.loadbalancer.reactive.LoadBalancerBeanPostProcessorAutoConfiguration$ReactorDeferringLoadBalancerFilterConfig] is not eligible for getting processed by all BeanPostProcessors (for example: not eligible for auto-proxying). Is this bean getting eagerly injected into a currently created BeanPostProcessor [loadBalancerWebClientBuilderBeanPostProcessor]? Check the corresponding BeanPostProcessor declaration and its dependencies.
2026-08-13T11:59:38.677+05:30  WARN 22648 --- [gateway-server] [           main] trationDelegate$BeanPostProcessorChecker : Bean 'reactorDeferringLoadBalancerExchangeFilterFunction' of type [org.springframework.cloud.client.loadbalancer.reactive.DeferringLoadBalancerExchangeFilterFunction] is not eligible for getting processed by all BeanPostProcessors (for example: not eligible for auto-proxying). Is this bean getting eagerly injected into a currently created BeanPostProcessor [loadBalancerWebClientBuilderBeanPostProcessor]? Check the corresponding BeanPostProcessor declaration and its dependencies.
2026-08-13T11:59:42.325+05:30  INFO 22648 --- [gateway-server] [           main] o.s.c.g.r.RouteDefinitionRouteLocator    : Loaded RoutePredicateFactory [After]
2026-08-13T11:59:42.325+05:30  INFO 22648 --- [gateway-server] [           main] o.s.c.g.r.RouteDefinitionRouteLocator    : Loaded RoutePredicateFactory [Before]
2026-08-13T11:59:42.326+05:30  INFO 22648 --- [gateway-server] [           main] o.s.c.g.r.RouteDefinitionRouteLocator    : Loaded RoutePredicateFactory [Between]
2026-08-13T11:59:42.326+05:30  INFO 22648 --- [gateway-server] [           main] o.s.c.g.r.RouteDefinitionRouteLocator    : Loaded RoutePredicateFactory [Cookie]
2026-08-13T11:59:42.326+05:30  INFO 22648 --- [gateway-server] [           main] o.s.c.g.r.RouteDefinitionRouteLocator    : Loaded RoutePredicateFactory [Header]
2026-08-13T11:59:42.326+05:30  INFO 22648 --- [gateway-server] [           main] o.s.c.g.r.RouteDefinitionRouteLocator    : Loaded RoutePredicateFactory [Host]
2026-08-13T11:59:42.326+05:30  INFO 22648 --- [gateway-server] [           main] o.s.c.g.r.RouteDefinitionRouteLocator    : Loaded RoutePredicateFactory [Method]
2026-08-13T11:59:42.326+05:30  INFO 22648 --- [gateway-server] [           main] o.s.c.g.r.RouteDefinitionRouteLocator    : Loaded RoutePredicateFactory [Path]
2026-08-13T11:59:42.326+05:30  INFO 22648 --- [gateway-server] [           main] o.s.c.g.r.RouteDefinitionRouteLocator    : Loaded RoutePredicateFactory [Query]
2026-08-13T11:59:42.327+05:30  INFO 22648 --- [gateway-server] [           main] o.s.c.g.r.RouteDefinitionRouteLocator    : Loaded RoutePredicateFactory [ReadBody]
2026-08-13T11:59:42.327+05:30  INFO 22648 --- [gateway-server] [           main] o.s.c.g.r.RouteDefinitionRouteLocator    : Loaded RoutePredicateFactory [RemoteAddr]
2026-08-13T11:59:42.327+05:30  INFO 22648 --- [gateway-server] [           main] o.s.c.g.r.RouteDefinitionRouteLocator    : Loaded RoutePredicateFactory [XForwardedRemoteAddr]
2026-08-13T11:59:42.327+05:30  INFO 22648 --- [gateway-server] [           main] o.s.c.g.r.RouteDefinitionRouteLocator    : Loaded RoutePredicateFactory [Weight]
2026-08-13T11:59:42.327+05:30  INFO 22648 --- [gateway-server] [           main] o.s.c.g.r.RouteDefinitionRouteLocator    : Loaded RoutePredicateFactory [CloudFoundryRouteService]
2026-08-13T11:59:43.534+05:30  INFO 22648 --- [gateway-server] [           main] DiscoveryClientOptionalArgsConfiguration : Eureka HTTP Client uses RestTemplate.
2026-08-13T11:59:43.666+05:30  WARN 22648 --- [gateway-server] [           main] iguration$LoadBalancerCaffeineWarnLogger : Spring Cloud LoadBalancer is currently working with the default cache. While this cache implementation is useful for development and tests, it's recommended to use Caffeine cache in production.You can switch to using Caffeine cache, by adding it and org.springframework.cache.caffeine.CaffeineCacheManager to the classpath.
2026-08-13T11:59:43.801+05:30  INFO 22648 --- [gateway-server] [           main] o.s.c.n.eureka.InstanceInfoFactory       : Setting initial instance status as: STARTING
2026-08-13T11:59:43.912+05:30  INFO 22648 --- [gateway-server] [           main] com.netflix.discovery.DiscoveryClient    : Initializing Eureka in region us-east-1
2026-08-13T11:59:43.937+05:30  INFO 22648 --- [gateway-server] [           main] c.n.d.s.r.aws.ConfigClusterResolver      : Resolving eureka endpoints via configuration
2026-08-13T11:59:43.973+05:30  INFO 22648 --- [gateway-server] [           main] com.netflix.discovery.DiscoveryClient    : Disable delta property : false
2026-08-13T11:59:43.974+05:30  INFO 22648 --- [gateway-server] [           main] com.netflix.discovery.DiscoveryClient    : Single vip registry refresh property : null
2026-08-13T11:59:43.974+05:30  INFO 22648 --- [gateway-server] [           main] com.netflix.discovery.DiscoveryClient    : Force full registry fetch : false
2026-08-13T11:59:43.975+05:30  INFO 22648 --- [gateway-server] [           main] com.netflix.discovery.DiscoveryClient    : Application is null : false
2026-08-13T11:59:43.975+05:30  INFO 22648 --- [gateway-server] [           main] com.netflix.discovery.DiscoveryClient    : Registered Applications size is zero : true
2026-08-13T11:59:43.976+05:30  INFO 22648 --- [gateway-server] [           main] com.netflix.discovery.DiscoveryClient    : Application version is -1: true
2026-08-13T11:59:43.976+05:30  INFO 22648 --- [gateway-server] [           main] com.netflix.discovery.DiscoveryClient    : Getting all instance registry info from the eureka server
2026-08-13T11:59:45.526+05:30  INFO 22648 --- [gateway-server] [           main] com.netflix.discovery.DiscoveryClient    : The response status is 200
2026-08-13T11:59:45.532+05:30  INFO 22648 --- [gateway-server] [           main] com.netflix.discovery.DiscoveryClient    : Starting heartbeat executor: renew interval is: 30
2026-08-13T11:59:45.539+05:30  INFO 22648 --- [gateway-server] [           main] c.n.discovery.InstanceInfoReplicator     : InstanceInfoReplicator onDemand update allowed rate per min is 4
2026-08-13T11:59:45.545+05:30  INFO 22648 --- [gateway-server] [           main] com.netflix.discovery.DiscoveryClient    : Discovery Client initialized at timestamp 1786602585542 with initial instances count: 4
2026-08-13T11:59:45.553+05:30  INFO 22648 --- [gateway-server] [           main] o.s.c.n.e.s.EurekaServiceRegistry        : Registering application GATEWAY-SERVER with eureka with status UP
2026-08-13T11:59:45.554+05:30  INFO 22648 --- [gateway-server] [           main] com.netflix.discovery.DiscoveryClient    : Saw local status change event StatusChangeEvent [timestamp=1786602585554, current=UP, previous=STARTING]
2026-08-13T11:59:45.559+05:30  INFO 22648 --- [gateway-server] [foReplicator-%d] com.netflix.discovery.DiscoveryClient    : DiscoveryClient_GATEWAY-SERVER/LAPTOP-7G23TPG3:gateway-server:8071: registering service...
2026-08-13T11:59:45.677+05:30  INFO 22648 --- [gateway-server] [foReplicator-%d] com.netflix.discovery.DiscoveryClient    : DiscoveryClient_GATEWAY-SERVER/LAPTOP-7G23TPG3:gateway-server:8071 - registration status: 204
2026-08-13T11:59:48.262+05:30  INFO 22648 --- [gateway-server] [           main] o.s.c.n.e.s.EurekaServiceRegistry        : Unregistering application GATEWAY-SERVER with eureka with status DOWN
2026-08-13T11:59:48.262+05:30  INFO 22648 --- [gateway-server] [           main] com.netflix.discovery.DiscoveryClient    : Saw local status change event StatusChangeEvent [timestamp=1786602588262, current=DOWN, previous=UP]
2026-08-13T11:59:48.263+05:30  INFO 22648 --- [gateway-server] [foReplicator-%d] com.netflix.discovery.DiscoveryClient    : DiscoveryClient_GATEWAY-SERVER/LAPTOP-7G23TPG3:gateway-server:8071: registering service...
2026-08-13T11:59:48.263+05:30  WARN 22648 --- [gateway-server] [           main] onfigReactiveWebServerApplicationContext : Exception encountered during context initialization - cancelling refresh attempt: org.springframework.context.ApplicationContextException: Failed to start bean 'webServerStartStop'
2026-08-13T11:59:48.276+05:30  INFO 22648 --- [gateway-server] [           main] com.netflix.discovery.DiscoveryClient    : Shutting down DiscoveryClient ...
2026-08-13T11:59:48.282+05:30  INFO 22648 --- [gateway-server] [foReplicator-%d] com.netflix.discovery.DiscoveryClient    : DiscoveryClient_GATEWAY-SERVER/LAPTOP-7G23TPG3:gateway-server:8071 - registration status: 204
2026-08-13T11:59:48.284+05:30  INFO 22648 --- [gateway-server] [           main] com.netflix.discovery.DiscoveryClient    : Unregistering ...
2026-08-13T11:59:48.302+05:30  INFO 22648 --- [gateway-server] [           main] com.netflix.discovery.DiscoveryClient    : DiscoveryClient_GATEWAY-SERVER/LAPTOP-7G23TPG3:gateway-server:8071 - deregister  status: 200
2026-08-13T11:59:48.303+05:30  INFO 22648 --- [gateway-server] [           main] com.netflix.discovery.DiscoveryClient    : Completed shut down of DiscoveryClient
2026-08-13T11:59:48.343+05:30  INFO 22648 --- [gateway-server] [           main] .s.b.a.l.ConditionEvaluationReportLogger : 

Error starting ApplicationContext. To display the condition evaluation report re-run your application with 'debug' enabled.
2026-08-13T11:59:48.435+05:30 ERROR 22648 --- [gateway-server] [           main] o.s.b.d.LoggingFailureAnalysisReporter   : 

***************************
APPLICATION FAILED TO START
***************************

Description:

Web server failed to start. Port 8071 was already in use.

Action:

Identify and stop the process that's listening on port 8071 or configure this application to listen on another port.

[INFO] ------------------------------------------------------------------------
[INFO] BUILD FAILURE
[INFO] ------------------------------------------------------------------------
[INFO] Total time:  29.818 s
[INFO] Finished at: 2026-08-13T11:59:49+05:30
[INFO] ------------------------------------------------------------------------
[ERROR] Failed to execute goal org.springframework.boot:spring-boot-maven-plugin:3.3.0:run (default-cli) on project gateway-server: Process terminated with exit code: 1 -> [Help 1]
[ERROR] 
[ERROR] To see the full stack trace of the errors, re-run Maven with the -e switch.
[ERROR] Re-run Maven using the -X switch to enable full debug logging.
[ERROR] 
[ERROR] For more information about the errors and possible solutions, please read the following articles:
[ERROR] [Help 1] http://cwiki.apache.org/confluence/display/MAVEN/MojoExecutionException
